// Jest Snapshot v1, https://goo.gl/fbAQLP

exports[`<Nav /> should match the snapshot 1`] = `
<div
  class="ant-row css-dev-only-do-not-override-3mqfnx"
  style="margin-left: -4.5px; margin-right: -4.5px;"
/>
`;
